57336693d058e614000b5a2b
57336693d058e614000b5a2c
57336693d058e614000b5a2d
573366934776f419006609f0
56d366bb59d6e414001462ed
56d366bb59d6e414001462ee
56de423fcffd8e1900b4b727
56de32ffcffd8e1900b4b66f
56de42becffd8e1900b4b73a
56de4421cffd8e1900b4b754
5723fd9a0a492a19004355ce
5726151f38643c19005acfc5
572792fdf1498d1400e8fc99
572c0112dfb02c14005c6b45
5728da31ff5b5019007da820
57326c8b0fdd8d15006c6abf
57326c8b0fdd8d15006c6ac1
572628a738643c19005ad190
572628deec44d21400f3daaf
572628f0271a42140099d623
57262957ec44d21400f3daff
5726298fec44d21400f3db08
5726298fec44d21400f3db09
56e6eb396fe0821900b8ec24
56e6eb396fe0821900b8ec25
56e6eb396fe0821900b8ec26
56e6eb396fe0821900b8ec27
56e6eb396fe0821900b8ec28
57262473271a42140099d4e9
57262473271a42140099d4ea
57262473271a42140099d4eb
57262473271a42140099d4ec
57262473271a42140099d4ed
